// Jest Snapshot v1, https://goo.gl/fbAQLP

exports[`renders header with search 1`] = `
.c1 {
  display: -webkit-box;
  display: -webkit-flex;
  display: -ms-flexbox;
  display: flex;
}

.c2 {
  -webkit-flex-direction: row;
  -ms-flex-direction: row;
  flex-direction: row;
}

.c3 {
  -webkit-box-pack: justify;
  -webkit-justify-content: space-between;
  -ms-flex-pack: justify;
  justify-content: space-between;
  border: 1px solid var(--border-color);
  border-radius: 0.2rem;
  background-color: var(--control-bg-color);
  min-width: 250px;
  padding: .25rem 1rem;
}

.c3:focus-within {
  border: 1px solid var(--control-focus-color);
}

.c3 svg {
  fill: var(--danger-color);
  width: 1.2rem;
  padding: 0 0.5rem;
}

.c4 {
  border-style: none;
  border-radius: 0.2rem;
  padding: 0.5rem;
  width: 100%;
  background-color: inherit;
  color: inherit;
}

.c4:focus {
  outline: none;
}

.c4:disabled {
  color: inherit;
  background-color: transparent;
  pointer-events: none;
}

.c0 {
  padding: 1rem;
}

<div>
  <div
    class="c0"
  >
    <div
      aria-label="Search"
      class="c1 c2 c3"
      placeholder="Search by name or email"
    >
      <input
        aria-label="Search"
        class="c4"
        placeholder="Search by name or email"
        role="search"
        type="text"
        value=""
      />
    </div>
  </div>
</div>
`;

exports[`renders header without search 1`] = `
.c0 {
  padding: 1rem;
}

<div>
  <div
    class="c0"
  />
</div>
`;
